test
11.6.2
